> ssh ${AUTHD_PAM_SSH_USER}@localhost ${AUTHD_PAM_SSH_ARGS}
(user-integration-pre-check-authenticate-user-switching-to-local-broker-on-shared-sshd@localhost
) == Provider selection ==
  1. local
  2. ExampleBroker
Choose your provider:
>
────────────────────────────────────────────────────────────────────────────────
> ssh ${AUTHD_PAM_SSH_USER}@localhost ${AUTHD_PAM_SSH_ARGS}
(user-integration-pre-check-authenticate-user-switching-to-local-broker-on-shared-sshd@localhost
) == Provider selection ==
  1. local
  2. ExampleBroker
Choose your provider:
> 2
(user-integration-pre-check-authenticate-user-switching-to-local-broker-on-shared-sshd@localhost
) == Password authentication ==
Enter 'r' to cancel the request and go back to select the authentication method
Gimme your password:
>
────────────────────────────────────────────────────────────────────────────────
> ssh ${AUTHD_PAM_SSH_USER}@localhost ${AUTHD_PAM_SSH_ARGS}
(user-integration-pre-check-authenticate-user-switching-to-local-broker-on-shared-sshd@localhost
) == Provider selection ==
  1. local
  2. ExampleBroker
Choose your provider:
> 2
(user-integration-pre-check-authenticate-user-switching-to-local-broker-on-shared-sshd@localhost
) == Password authentication ==
Enter 'r' to cancel the request and go back to select the authentication method
Gimme your password:
>
(user-integration-pre-check-authenticate-user-switching-to-local-broker-on-shared-sshd@localhost
) == Authentication method selection ==
  1. Password authentication
  2. Use a Login code
  3. Send URL to user-integration-pre-check-authenticate-user-switching-to-local-broker-on-share
d-sshd@gmail.com
  4. Use your fido device foo
  5. Use your phone +33\342\200\246
  6. Use your phone +1\342\200\246
  7. Pin code
  8. Authentication code
Or enter 'r' to go back to choose the provider
Choose your authentication method:
>
────────────────────────────────────────────────────────────────────────────────
> ssh ${AUTHD_PAM_SSH_USER}@localhost ${AUTHD_PAM_SSH_ARGS}
(user-integration-pre-check-authenticate-user-switching-to-local-broker-on-shared-sshd@localhost
) == Provider selection ==
  1. local
  2. ExampleBroker
Choose your provider:
> 2
(user-integration-pre-check-authenticate-user-switching-to-local-broker-on-shared-sshd@localhost
) == Password authentication ==
Enter 'r' to cancel the request and go back to select the authentication method
Gimme your password:
>
(user-integration-pre-check-authenticate-user-switching-to-local-broker-on-shared-sshd@localhost
) == Authentication method selection ==
  1. Password authentication
  2. Use a Login code
  3. Send URL to user-integration-pre-check-authenticate-user-switching-to-local-broker-on-share
d-sshd@gmail.com
  4. Use your fido device foo
  5. Use your phone +33\342\200\246
  6. Use your phone +1\342\200\246
  7. Pin code
  8. Authentication code
Or enter 'r' to go back to choose the provider
Choose your authentication method:
> r
(user-integration-pre-check-authenticate-user-switching-to-local-broker-on-shared-sshd@localhost
) == Provider selection ==
  1. local
  2. ExampleBroker
Choose your provider:
>
────────────────────────────────────────────────────────────────────────────────
> ssh ${AUTHD_PAM_SSH_USER}@localhost ${AUTHD_PAM_SSH_ARGS}
(user-integration-pre-check-authenticate-user-switching-to-local-broker-on-shared-sshd@localhost
) == Provider selection ==
  1. local
  2. ExampleBroker
Choose your provider:
> 2
(user-integration-pre-check-authenticate-user-switching-to-local-broker-on-shared-sshd@localhost
) == Password authentication ==
Enter 'r' to cancel the request and go back to select the authentication method
Gimme your password:
>
(user-integration-pre-check-authenticate-user-switching-to-local-broker-on-shared-sshd@localhost
) == Authentication method selection ==
  1. Password authentication
  2. Use a Login code
  3. Send URL to user-integration-pre-check-authenticate-user-switching-to-local-broker-on-share
d-sshd@gmail.com
  4. Use your fido device foo
  5. Use your phone +33\342\200\246
  6. Use your phone +1\342\200\246
  7. Pin code
  8. Authentication code
Or enter 'r' to go back to choose the provider
Choose your authentication method:
> r
(user-integration-pre-check-authenticate-user-switching-to-local-broker-on-shared-sshd@localhost
) == Provider selection ==
  1. local
  2. ExampleBroker
Choose your provider:
> invalid-ID
(user-integration-pre-check-authenticate-user-switching-to-local-broker-on-shared-sshd@localhost
) Unsupported input
Choose your provider:
>
────────────────────────────────────────────────────────────────────────────────
> ssh ${AUTHD_PAM_SSH_USER}@localhost ${AUTHD_PAM_SSH_ARGS}
(user-integration-pre-check-authenticate-user-switching-to-local-broker-on-shared-sshd@localhost
) == Provider selection ==
  1. local
  2. ExampleBroker
Choose your provider:
> 2
(user-integration-pre-check-authenticate-user-switching-to-local-broker-on-shared-sshd@localhost
) == Password authentication ==
Enter 'r' to cancel the request and go back to select the authentication method
Gimme your password:
>
(user-integration-pre-check-authenticate-user-switching-to-local-broker-on-shared-sshd@localhost
) == Authentication method selection ==
  1. Password authentication
  2. Use a Login code
  3. Send URL to user-integration-pre-check-authenticate-user-switching-to-local-broker-on-share
d-sshd@gmail.com
  4. Use your fido device foo
  5. Use your phone +33\342\200\246
  6. Use your phone +1\342\200\246
  7. Pin code
  8. Authentication code
Or enter 'r' to go back to choose the provider
Choose your authentication method:
> r
(user-integration-pre-check-authenticate-user-switching-to-local-broker-on-shared-sshd@localhost
) == Provider selection ==
  1. local
  2. ExampleBroker
Choose your provider:
> invalid-ID
(user-integration-pre-check-authenticate-user-switching-to-local-broker-on-shared-sshd@localhost
) Unsupported input
Choose your provider:
> 555
(user-integration-pre-check-authenticate-user-switching-to-local-broker-on-shared-sshd@localhost
) Invalid selection
== Provider selection ==
  1. local
  2. ExampleBroker
Choose your provider:
>
────────────────────────────────────────────────────────────────────────────────
> ssh ${AUTHD_PAM_SSH_USER}@localhost ${AUTHD_PAM_SSH_ARGS}
(user-integration-pre-check-authenticate-user-switching-to-local-broker-on-shared-sshd@localhost
) == Provider selection ==
  1. local
  2. ExampleBroker
Choose your provider:
> 2
(user-integration-pre-check-authenticate-user-switching-to-local-broker-on-shared-sshd@localhost
) == Password authentication ==
Enter 'r' to cancel the request and go back to select the authentication method
Gimme your password:
>
(user-integration-pre-check-authenticate-user-switching-to-local-broker-on-shared-sshd@localhost
) == Authentication method selection ==
  1. Password authentication
  2. Use a Login code
  3. Send URL to user-integration-pre-check-authenticate-user-switching-to-local-broker-on-share
d-sshd@gmail.com
  4. Use your fido device foo
  5. Use your phone +33\342\200\246
  6. Use your phone +1\342\200\246
  7. Pin code
  8. Authentication code
Or enter 'r' to go back to choose the provider
Choose your authentication method:
> r
(user-integration-pre-check-authenticate-user-switching-to-local-broker-on-shared-sshd@localhost
) == Provider selection ==
  1. local
  2. ExampleBroker
Choose your provider:
> invalid-ID
(user-integration-pre-check-authenticate-user-switching-to-local-broker-on-shared-sshd@localhost
) Unsupported input
Choose your provider:
> 555
(user-integration-pre-check-authenticate-user-switching-to-local-broker-on-shared-sshd@localhost
) Invalid selection
== Provider selection ==
  1. local
  2. ExampleBroker
Choose your provider:
> 1
(user-integration-pre-check-authenticate-user-switching-to-local-broker-on-shared-sshd@localhost
) SSH PAM user 'user-integration-pre-check-authenticate-user-switching-to-local-broker-on-shared
-sshd' using local broker
Password:
────────────────────────────────────────────────────────────────────────────────
> ssh ${AUTHD_PAM_SSH_USER}@localhost ${AUTHD_PAM_SSH_ARGS}
(user-integration-pre-check-authenticate-user-switching-to-local-broker-on-shared-sshd@localhost
) == Provider selection ==
  1. local
  2. ExampleBroker
Choose your provider:
> 2
(user-integration-pre-check-authenticate-user-switching-to-local-broker-on-shared-sshd@localhost
) == Password authentication ==
Enter 'r' to cancel the request and go back to select the authentication method
Gimme your password:
>
(user-integration-pre-check-authenticate-user-switching-to-local-broker-on-shared-sshd@localhost
) == Authentication method selection ==
  1. Password authentication
  2. Use a Login code
  3. Send URL to user-integration-pre-check-authenticate-user-switching-to-local-broker-on-share
d-sshd@gmail.com
  4. Use your fido device foo
  5. Use your phone +33\342\200\246
  6. Use your phone +1\342\200\246
  7. Pin code
  8. Authentication code
Or enter 'r' to go back to choose the provider
Choose your authentication method:
> r
(user-integration-pre-check-authenticate-user-switching-to-local-broker-on-shared-sshd@localhost
) == Provider selection ==
  1. local
  2. ExampleBroker
Choose your provider:
> invalid-ID
(user-integration-pre-check-authenticate-user-switching-to-local-broker-on-shared-sshd@localhost
) Unsupported input
Choose your provider:
> 555
(user-integration-pre-check-authenticate-user-switching-to-local-broker-on-shared-sshd@localhost
) Invalid selection
== Provider selection ==
  1. local
  2. ExampleBroker
Choose your provider:
> 1
(user-integration-pre-check-authenticate-user-switching-to-local-broker-on-shared-sshd@localhost
) SSH PAM user 'user-integration-pre-check-authenticate-user-switching-to-local-broker-on-shared
-sshd' using local broker
Password:
────────────────────────────────────────────────────────────────────────────────
