> ssh ${AUTHD_PAM_SSH_USER}@localhost ${AUTHD_PAM_SSH_ARGS}
(user-integration-pre-check-authenticate-user-switching-to-local-broker@localhost) == Provider s
election ==
  1. local
  2. ExampleBroker
Choose your provider:
>
────────────────────────────────────────────────────────────────────────────────
> ssh ${AUTHD_PAM_SSH_USER}@localhost ${AUTHD_PAM_SSH_ARGS}
(user-integration-pre-check-authenticate-user-switching-to-local-broker@localhost) == Provider s
election ==
  1. local
  2. ExampleBroker
Choose your provider:
> 2
(user-integration-pre-check-authenticate-user-switching-to-local-broker@localhost) == Password a
uthentication ==
Enter 'r' to cancel the request and go back to select the authentication method
Gimme your password:
>
────────────────────────────────────────────────────────────────────────────────
> ssh ${AUTHD_PAM_SSH_USER}@localhost ${AUTHD_PAM_SSH_ARGS}
(user-integration-pre-check-authenticate-user-switching-to-local-broker@localhost) == Provider s
election ==
  1. local
  2. ExampleBroker
Choose your provider:
> 2
(user-integration-pre-check-authenticate-user-switching-to-local-broker@localhost) == Password a
uthentication ==
Enter 'r' to cancel the request and go back to select the authentication method
Gimme your password:
>
(user-integration-pre-check-authenticate-user-switching-to-local-broker@localhost) == Authentica
tion method selection ==
  1. Password authentication
  2. Use a Login code
  3. Send URL to user-integration-pre-check-authenticate-user-switching-to-local-broker@gmail.co
m
  4. Use your fido device foo
  5. Use your phone +33\342\200\246
  6. Use your phone +1\342\200\246
  7. Pin code
  8. Authentication code
Or enter 'r' to go back to choose the provider
Choose your authentication method:
>
────────────────────────────────────────────────────────────────────────────────
> ssh ${AUTHD_PAM_SSH_USER}@localhost ${AUTHD_PAM_SSH_ARGS}
(user-integration-pre-check-authenticate-user-switching-to-local-broker@localhost) == Provider s
election ==
  1. local
  2. ExampleBroker
Choose your provider:
> 2
(user-integration-pre-check-authenticate-user-switching-to-local-broker@localhost) == Password a
uthentication ==
Enter 'r' to cancel the request and go back to select the authentication method
Gimme your password:
>
(user-integration-pre-check-authenticate-user-switching-to-local-broker@localhost) == Authentica
tion method selection ==
  1. Password authentication
  2. Use a Login code
  3. Send URL to user-integration-pre-check-authenticate-user-switching-to-local-broker@gmail.co
m
  4. Use your fido device foo
  5. Use your phone +33\342\200\246
  6. Use your phone +1\342\200\246
  7. Pin code
  8. Authentication code
Or enter 'r' to go back to choose the provider
Choose your authentication method:
> r
(user-integration-pre-check-authenticate-user-switching-to-local-broker@localhost) == Provider s
election ==
  1. local
  2. ExampleBroker
Choose your provider:
>
────────────────────────────────────────────────────────────────────────────────
> ssh ${AUTHD_PAM_SSH_USER}@localhost ${AUTHD_PAM_SSH_ARGS}
(user-integration-pre-check-authenticate-user-switching-to-local-broker@localhost) == Provider s
election ==
  1. local
  2. ExampleBroker
Choose your provider:
> 2
(user-integration-pre-check-authenticate-user-switching-to-local-broker@localhost) == Password a
uthentication ==
Enter 'r' to cancel the request and go back to select the authentication method
Gimme your password:
>
(user-integration-pre-check-authenticate-user-switching-to-local-broker@localhost) == Authentica
tion method selection ==
  1. Password authentication
  2. Use a Login code
  3. Send URL to user-integration-pre-check-authenticate-user-switching-to-local-broker@gmail.co
m
  4. Use your fido device foo
  5. Use your phone +33\342\200\246
  6. Use your phone +1\342\200\246
  7. Pin code
  8. Authentication code
Or enter 'r' to go back to choose the provider
Choose your authentication method:
> r
(user-integration-pre-check-authenticate-user-switching-to-local-broker@localhost) == Provider s
election ==
  1. local
  2. ExampleBroker
Choose your provider:
> invalid-ID
(user-integration-pre-check-authenticate-user-switching-to-local-broker@localhost) Unsupported i
nput
Choose your provider:
>
────────────────────────────────────────────────────────────────────────────────
> ssh ${AUTHD_PAM_SSH_USER}@localhost ${AUTHD_PAM_SSH_ARGS}
(user-integration-pre-check-authenticate-user-switching-to-local-broker@localhost) == Provider s
election ==
  1. local
  2. ExampleBroker
Choose your provider:
> 2
(user-integration-pre-check-authenticate-user-switching-to-local-broker@localhost) == Password a
uthentication ==
Enter 'r' to cancel the request and go back to select the authentication method
Gimme your password:
>
(user-integration-pre-check-authenticate-user-switching-to-local-broker@localhost) == Authentica
tion method selection ==
  1. Password authentication
  2. Use a Login code
  3. Send URL to user-integration-pre-check-authenticate-user-switching-to-local-broker@gmail.co
m
  4. Use your fido device foo
  5. Use your phone +33\342\200\246
  6. Use your phone +1\342\200\246
  7. Pin code
  8. Authentication code
Or enter 'r' to go back to choose the provider
Choose your authentication method:
> r
(user-integration-pre-check-authenticate-user-switching-to-local-broker@localhost) == Provider s
election ==
  1. local
  2. ExampleBroker
Choose your provider:
> invalid-ID
(user-integration-pre-check-authenticate-user-switching-to-local-broker@localhost) Unsupported i
nput
Choose your provider:
> 555
(user-integration-pre-check-authenticate-user-switching-to-local-broker@localhost) Invalid selec
tion
== Provider selection ==
  1. local
  2. ExampleBroker
Choose your provider:
>
────────────────────────────────────────────────────────────────────────────────
> ssh ${AUTHD_PAM_SSH_USER}@localhost ${AUTHD_PAM_SSH_ARGS}
(user-integration-pre-check-authenticate-user-switching-to-local-broker@localhost) == Provider s
election ==
  1. local
  2. ExampleBroker
Choose your provider:
> 2
(user-integration-pre-check-authenticate-user-switching-to-local-broker@localhost) == Password a
uthentication ==
Enter 'r' to cancel the request and go back to select the authentication method
Gimme your password:
>
(user-integration-pre-check-authenticate-user-switching-to-local-broker@localhost) == Authentica
tion method selection ==
  1. Password authentication
  2. Use a Login code
  3. Send URL to user-integration-pre-check-authenticate-user-switching-to-local-broker@gmail.co
m
  4. Use your fido device foo
  5. Use your phone +33\342\200\246
  6. Use your phone +1\342\200\246
  7. Pin code
  8. Authentication code
Or enter 'r' to go back to choose the provider
Choose your authentication method:
> r
(user-integration-pre-check-authenticate-user-switching-to-local-broker@localhost) == Provider s
election ==
  1. local
  2. ExampleBroker
Choose your provider:
> invalid-ID
(user-integration-pre-check-authenticate-user-switching-to-local-broker@localhost) Unsupported i
nput
Choose your provider:
> 555
(user-integration-pre-check-authenticate-user-switching-to-local-broker@localhost) Invalid selec
tion
== Provider selection ==
  1. local
  2. ExampleBroker
Choose your provider:
> 1
(user-integration-pre-check-authenticate-user-switching-to-local-broker@localhost) SSH PAM user
'user-integration-pre-check-authenticate-user-switching-to-local-broker' using local broker
Password:
────────────────────────────────────────────────────────────────────────────────
> ssh ${AUTHD_PAM_SSH_USER}@localhost ${AUTHD_PAM_SSH_ARGS}
(user-integration-pre-check-authenticate-user-switching-to-local-broker@localhost) == Provider s
election ==
  1. local
  2. ExampleBroker
Choose your provider:
> 2
(user-integration-pre-check-authenticate-user-switching-to-local-broker@localhost) == Password a
uthentication ==
Enter 'r' to cancel the request and go back to select the authentication method
Gimme your password:
>
(user-integration-pre-check-authenticate-user-switching-to-local-broker@localhost) == Authentica
tion method selection ==
  1. Password authentication
  2. Use a Login code
  3. Send URL to user-integration-pre-check-authenticate-user-switching-to-local-broker@gmail.co
m
  4. Use your fido device foo
  5. Use your phone +33\342\200\246
  6. Use your phone +1\342\200\246
  7. Pin code
  8. Authentication code
Or enter 'r' to go back to choose the provider
Choose your authentication method:
> r
(user-integration-pre-check-authenticate-user-switching-to-local-broker@localhost) == Provider s
election ==
  1. local
  2. ExampleBroker
Choose your provider:
> invalid-ID
(user-integration-pre-check-authenticate-user-switching-to-local-broker@localhost) Unsupported i
nput
Choose your provider:
> 555
(user-integration-pre-check-authenticate-user-switching-to-local-broker@localhost) Invalid selec
tion
== Provider selection ==
  1. local
  2. ExampleBroker
Choose your provider:
> 1
(user-integration-pre-check-authenticate-user-switching-to-local-broker@localhost) SSH PAM user
'user-integration-pre-check-authenticate-user-switching-to-local-broker' using local broker
Password:
────────────────────────────────────────────────────────────────────────────────
